<html>
<body>
<pre>
<h1>µVision Build Log</h1>
<h2>Tool Versions:</h2>
IDE-Version: ¦ÌVision V5.24.2.0
Copyright (C) 2017 ARM Ltd and ARM Germany GmbH. All rights reserved.
License Information: 1 1, 11, LIC=65ISZ-JI8WX-WF1I7-E6ZCU-DFA8R-J8IX7
 
Tool Versions:
Toolchain:       MDK-ARM Plus  Version: 5.24.1
Toolchain Path:  E:\Keil\ARM\ARMCC\Bin
C Compiler:      Armcc.exe V5.06 update 5 (build 528)
Assembler:       Armasm.exe V5.06 update 5 (build 528)
Linker/Locator:  ArmLink.exe V5.06 update 5 (build 528)
Library Manager: ArmAr.exe V5.06 update 5 (build 528)
Hex Converter:   FromElf.exe V5.06 update 5 (build 528)
CPU DLL:         SARMCM3.DLL V5.24.1
Dialog DLL:      DCM.DLL V1.16.0.0
Target DLL:      STLink\ST-LINKIII-KEIL_SWO.dll V3.0.1.0
Dialog DLL:      TCM.DLL V1.32.0.0
 
<h2>Project:</h2>
C:\Users\Jackson\Desktop\project\MDK-ARM\project.uvprojx
Project File Date:  03/07/2026

<h2>Output:</h2>
*** Using Compiler 'V5.06 update 5 (build 528)', folder: 'E:\Keil\ARM\ARMCC\Bin'
Rebuild target 'project'
assembling startup_stm32f103xb.s...
compiling armlib_lock_glue.c...
compiling stm32f1xx_hal_gpio_ex.c...
compiling los_uart.c...
compiling stm32f1xx_hal_msp.c...
compiling usart.c...
compiling adc.c...
compiling stm32f1xx_hal.c...
compiling app_init.c...
compiling stm32f1xx_hal_adc_ex.c...
compiling main.c...
compiling stm32f1xx_hal_adc.c...
compiling hal_irq.c...
compiling stm32f1xx_hal_rcc.c...
compiling stm32f1xx_it.c...
compiling stm32f1xx_hal_rcc_ex.c...
compiling stm32f1xx_hal_gpio.c...
compiling stm32f1xx_hal_dma.c...
compiling stm32f1xx_hal_cortex.c...
compiling stm32f1xx_hal_flash.c...
compiling stm32f1xx_hal_pwr.c...
compiling stm32f1xx_hal_exti.c...
compiling stm32f1xx_hal_tim.c...
compiling stm32f1xx_hal_tim_ex.c...
compiling stm32f1xx_hal_flash_ex.c...
compiling system_stm32f1xx.c...
compiling los_bitmap.c...
compiling los_err.c...
compiling stm32f1xx_hal_uart.c...
compiling los_priqueue.c...
compiling los_sched.c...
compiling los_stackinfo.c...
compiling los_task.c...
compiling los_sem.c...
compiling los_swtmr.c...
compiling los_mux.c...
compiling los_event.c...
compiling los_queue.c...
compiling los_tick.c...
compiling los_sortlink.c...
assembling dispatch_keil.s...
compiling los_misc.c...
compiling los_printf.c...
compiling los_exc.c...
compiling los_mp.c...
compiling los_percpu.c...
compiling los_hwi.c...
compiling cpu.c...
compiling los_memory.c...
compiling los_heap.c...
compiling los_init.c...
compiling los_adapter.c...
compiling task.c...
linking...
Program Size: Code=24158 RO-data=994 RW-data=216 ZI-data=14264  
FromELF: creating hex file...
"project\project.axf" - 0 Error(s), 0 Warning(s).

<h2>Software Packages used:</h2>

Package Vendor: ARM
                http://www.keil.com/pack/ARM.CMSIS.5.0.1.pack
                ARM.CMSIS.5.0.1
                CMSIS (Cortex Microcontroller Software Interface Standard)
   * Component: CORE Version: 5.0.1

Package Vendor: Keil
                http://www.keil.com/pack/Keil.STM32F1xx_DFP.2.2.0.pack
                Keil.STM32F1xx_DFP.2.2.0
                STMicroelectronics STM32F1 Series Device Support, Drivers and Examples

<h2>Collection of Component include folders:</h2>
  .\RTE\_project
  E:\Keil\ARM\PACK\ARM\CMSIS\5.0.1\CMSIS\Include
  E:\Keil\ARM\PACK\Keil\STM32F1xx_DFP\2.2.0\Device\Include

<h2>Collection of Component Files used:</h2>

   * Component: ARM::CMSIS:CORE:5.0.1
Build Time Elapsed:  00:00:19
</pre>
</body>
</html>
